C51 COMPILER V9.59.0.0   MAIN                                                              07/11/2025 15:53:53 PAGE 1   


C51 COMPILER V9.59.0.0, COMPILATION OF MODULE MAIN
OBJECT MODULE PLACED IN .\Objects\main.obj
COMPILER INVOKED BY: F:\Keil uvision5 C51v959(64bit)\C51\BIN\C51.EXE test\test\main.c BROWSE DEBUG OBJECTEXTEND PRINT(.\
                    -Listings\main.lst) OBJECT(.\Objects\main.obj)

line level    source

   1          #include <reg51.h>
   2          #include <stdio.h>
   3          #include "lcd1602.h"
   4          #include "dht11.h"
   5          #include <string.h>
   6          #include <stdlib.h>
   7          #include <intrins.h> // 修正 _nop_ 错误
   8          #define u8 unsigned char // 修正 u8 未定义
   9          
  10          void UART_SendStr(char *str); // 添加函数原型声明，防止编译器警告
  11          
  12          sbit KEY = P3^2; // 启动/停止按键
  13          
  14          bit collect_flag = 0; // 采集标志
  15          volatile char last_rx = 0;
  16          volatile bit rx_flag = 0;
  17          // char debug[17]; // 全局变量（删除，调试用局部变量）
  18          
  19          // 优化：用于接收上位机回发的数字，缩短为6字节
  20          unsigned char xdata num_buf[12]; // 放到xdata区，减轻data压力
  21          unsigned char num_idx = 0;
  22          
  23          volatile unsigned char current_channel = 0; // 0=DHT11, 1=555频率
  24          volatile bit freq_sample_flag = 0;
  25          volatile unsigned char t0_count = 0;
  26          
  27          // -- 频率测量所需的状态变量 --
  28          volatile unsigned int freq_count = 0; // 用于累加脉冲数量
  29          unsigned int freq_value = 0;        // 用于存放最终计算出的频率值
  30          static bit last_p32_state = 1;      // 用于检测P3.2引脚的下降沿
  31          
  32          // I2C/PCF8591相关定义
  33          sbit IIC_SDA = P1^1;
  34          sbit IIC_SCL = P1^0;
  35          #define PCF8591_WRITE_ADDR 0x90
  36          #define PCF8591_READ_ADDR  0x91
  37          //报警LED定义
  38          sbit LED1 = P1^2;
  39          sbit LED2 = P1^3;
  40          sbit LED3 = P1^4;
  41          
  42          void IIC_Delay() { _nop_(); _nop_(); _nop_(); }
  43          void IIC_SendStart(void) {
  44   1          IIC_SDA=1; IIC_SCL=1; IIC_Delay();
  45   1          IIC_SDA=0; IIC_Delay();
  46   1          IIC_SCL=0;
  47   1      }
  48          void IIC_SendStop(void) {
  49   1          IIC_SCL=0; IIC_SDA=0; IIC_Delay();
  50   1          IIC_SCL=1; IIC_SDA=1; IIC_Delay();
  51   1      }
  52          u8 IIC_GetAck(void) {
  53   1          u8 i=0; IIC_SDA=1; IIC_SCL=1;
  54   1          while(IIC_SDA) { i++; if(i>250) { IIC_SCL=0; return 1; } }
C51 COMPILER V9.59.0.0   MAIN                                                              07/11/2025 15:53:53 PAGE 2   

  55   1          IIC_SCL=0; return 0;
  56   1      }
  57          void IIC_SendOneByte(u8 dat) {
  58   1          u8 j;
  59   1          for(j=0;j<8;j++) {
  60   2              IIC_SCL=0;
  61   2              IIC_SDA=(dat&0x80)?1:0;
  62   2              dat<<=1;
  63   2              IIC_SCL=1; IIC_Delay();
  64   2          }
  65   1          IIC_SCL=0;
  66   1      }
  67          void PCF8591_SetDAC_Data(u8 val) {
  68   1          IIC_SendStart();
  69   1          IIC_SendOneByte(PCF8591_WRITE_ADDR);
  70   1          IIC_GetAck();
  71   1          IIC_SendOneByte(0x40); // 控制字节：DAC使能
  72   1          IIC_GetAck();
  73   1          IIC_SendOneByte(val);
  74   1          IIC_GetAck();
  75   1          IIC_SendStop();
  76   1      }
  77          void Delay100ms() {
  78   1          unsigned char i, j;
  79   1          for(i=0;i<20;i++) {
  80   2              for(j=0;j<250;j++); // 1us*250*20=5ms*20=100ms
  81   2          }
  82   1      }
  83          
  84          // 解析并输出温湿度减半值到DAC
  85          void handle_half_value(const char* str) {
  86   1          int t = 0, h = 0;
  87   1          UART_SendStr("[DEBUG] RAW BUF: ");
  88   1          UART_SendStr(str);
  89   1          UART_SendStr("\r\n");
  90   1          sscanf(str, "%d %d", &t, &h);
  91   1          // 先输出温度
  92   1          PCF8591_SetDAC_Data((unsigned char)t);
  93   1          UART_SendStr("[DEBUG] DAC OUT TEMP: ");
  94   1          {
  95   2              char xdata buf[8]; // 放到xdata区
  96   2              unsigned int temp_val = (unsigned char)t;
  97   2              sprintf(buf, "%u\r\n", temp_val);
  98   2              UART_SendStr(buf);
  99   2          }
 100   1          Delay100ms();
 101   1          // 再输出湿度
 102   1          PCF8591_SetDAC_Data((unsigned char)h);
 103   1          UART_SendStr("[DEBUG] DAC OUT HUMI: ");
 104   1          {
 105   2              char xdata buf[8]; // 放到xdata区
 106   2              unsigned int humi_val = (unsigned char)h;
 107   2              sprintf(buf, "%u\r\n", humi_val);
 108   2              UART_SendStr(buf);
 109   2          }
 110   1          Delay100ms();
 111   1      }
 112          
 113          // 新增：解析并输出减半频率值到DAC
 114          void handle_half_freq(const char* str) {
 115   1          int f = 0;
 116   1          UART_SendStr("[DEBUG] RAW FREQ BUF: ");
C51 COMPILER V9.59.0.0   MAIN                                                              07/11/2025 15:53:53 PAGE 3   

 117   1          UART_SendStr(str);
 118   1          UART_SendStr("\r\n");
 119   1          sscanf(str, "%d", &f);
 120   1          PCF8591_SetDAC_Data((unsigned char)f);
 121   1          UART_SendStr("[DEBUG] DAC OUT FREQ: ");
 122   1          {
 123   2              char xdata buf[8];
 124   2              unsigned int freq_val = (unsigned char)f;
 125   2              sprintf(buf, "%u\r\n", freq_val);
 126   2              UART_SendStr(buf);
 127   2          }
 128   1          Delay100ms();
 129   1      }
 130          
 131          void UART_Init() {
 132   1          SCON = 0x50;      // 8位数据,可变波特率
 133   1          TMOD |= 0x20;     // 定时器1，8位自动重装
 134   1          TH1 = 0xFD;       // 9600波特率
 135   1          TL1 = 0xFD;
 136   1          TR1 = 1;
 137   1          ES = 1;
 138   1          EA = 1;
 139   1      }
 140          
 141          void Timer0_Init() {
 142   1          TMOD &= 0xF0;
 143   1          TMOD |= 0x01; // T0方式1
 144   1          TH0 = (65536 - 50000) / 256; // 50ms定时
 145   1          TL0 = (65536 - 50000) % 256;
 146   1          ET0 = 1;
 147   1          TR0 = 1;
 148   1      }
 149          
 150          void Timer1_Init() {
 151   1          TMOD &= 0x0F;
 152   1          TMOD |= 0x50; // T1方式1，计数器模式
 153   1          TH1 = 0;
 154   1          TL1 = 0;
 155   1          TR1 = 1;
 156   1      }
 157          
 158          void INT0_Init() {
 159   1          IT0 = 1; // 下降沿触发
 160   1      }
 161          
 162          void UART_SendStr(char *str) {
 163   1          while(*str) {
 164   2              SBUF = *str++;
 165   2              while(!TI);
 166   2              TI = 0;
 167   2          }
 168   1      }
 169          
 170          void UART_ISR() interrupt 4 {
 171   1          if(RI) {
 172   2              char ch = SBUF;
 173   2              RI = 0;
 174   2              // 判断是否为数字、空格或回车
 175   2              if((ch >= '0' && ch <= '9') || ch == ' '){
 176   3                  if(num_idx < sizeof(num_buf) - 1) {
 177   4                      num_buf[num_idx++] = ch;
 178   4                  }
C51 COMPILER V9.59.0.0   MAIN                                                              07/11/2025 15:53:53 PAGE 4   

 179   3              } else if(ch == '\r' || ch == '\n') {
 180   3                  if(num_idx > 0) {
 181   4                      num_buf[num_idx] = '\0';
 182   4                      UART_SendStr("HALF VALUE: "); // 保留调试信息
 183   4                      UART_SendStr(num_buf);
 184   4                      UART_SendStr("\r\n");
 185   4                      if(current_channel == 0) { // 只在温湿度通道处理
 186   5                          handle_half_value(num_buf); // 将减半值输出到DAC
 187   5                      } else if(current_channel == 1) { // 频率通道处理
 188   5                          handle_half_freq(num_buf); // 新增：将减半频率值输出到DAC
 189   5                      }
 190   4                      num_idx = 0;
 191   4                  }
 192   3              } else {
 193   3                  // 其他命令处理
 194   3                  last_rx = ch;
 195   3                  rx_flag = 1;
 196   3                  if(last_rx == 'S') collect_flag = 1;
 197   3                  if(last_rx == 'E') collect_flag = 0;
 198   3                  if(last_rx == 'A') {
 199   4                      current_channel = 0;
 200   4                      freq_count = 0;
 201   4                      freq_sample_flag = 0;
 202   4                      LCD_ShowString(0,0,"                ");
 203   4                      LCD_ShowString(1,0,"                ");
 204   4                  }
 205   3                  if(last_rx == 'B') {
 206   4                      current_channel = 1;
 207   4                      freq_count = 0;
 208   4                      t0_count = 0;
 209   4                      freq_sample_flag = 0;
 210   4                      LCD_ShowString(0,0,"                ");
 211   4                      LCD_ShowString(1,0,"                ");
 212   4                  }
 213   3                  if(last_rx == 'X'){
 214   4                      LED1 = 0;
 215   4                      UART_SendStr("TEMPER ALARM\r\n");
 216   4                  }
 217   3                  if(last_rx == 'Y'){
 218   4                      LED2 = 0;
 219   4                      UART_SendStr("HUMI ALARM\r\n");
 220   4                  }
 221   3                  if(last_rx == 'Z'){
 222   4                      LED3 = 0;
 223   4                      UART_SendStr("FREQ ALARM\r\n");
 224   4                  }
 225   3                  if(last_rx == 'x'){
 226   4                      LED1 = 1;
 227   4                      UART_SendStr("TEMPER NORMAL\r\n");
 228   4                  }
 229   3                  if(last_rx == 'y'){
 230   4                      LED2 = 1;
 231   4                      UART_SendStr("HUMI NORMAL\r\n");
 232   4                  }
 233   3                  if(last_rx == 'z'){
 234   4                      LED3 = 1;
 235   4                      UART_SendStr("FREQ NORMAL\r\n");
 236   4                  }
 237   3              }
 238   2          }
 239   1      }
 240          
C51 COMPILER V9.59.0.0   MAIN                                                              07/11/2025 15:53:53 PAGE 5   

 241          void Timer0_ISR() interrupt 1 {
 242   1          TH0 = (65536 - 50000) / 256;
 243   1          TL0 = (65536 - 50000) % 256;
 244   1          t0_count++;
 245   1          if (t0_count >= 20) { // 20 * 50ms = 1000ms = 1s
 246   2              t0_count = 0;
 247   2              freq_sample_flag = 1; // 产生1s采样标志
 248   2          }
 249   1      }
 250          
 251          void INT0_ISR() interrupt 0 {
 252   1          freq_count++;
 253   1      }
 254          
 255          extern void Delay1000ms();
 256          sbit FREQ_IN = P3^2;
 257          
 258          void main() {
 259   1          // 简化局部变量，只保留必要的
 260   1          unsigned char temp, humi;
 261   1          char xdata buf[20]; // 放到xdata区
 262   1      
 263   1          UART_SendStr("[DEBUG] UART_Init\r\n");
 264   1          UART_Init();
 265   1          UART_SendStr("[DEBUG] LCD_Init\r\n");
 266   1          LCD_Init();
 267   1          UART_SendStr("[DEBUG] Timer0_Init\r\n");
 268   1          Timer0_Init();
 269   1          UART_SendStr("[DEBUG] INT0_Init\r\n");
 270   1          INT0_Init();
 271   1          EA = 1; // 总中断使能
 272   1          UART_SendStr("[DEBUG] Init Done\r\n");
 273   1          LCD_ShowString(0,0,"WAIT CMD      ");
 274   1          while(1) {
 275   2              // --- 硬件状态控制器 ---
 276   2              // 根据软件状态，实时决定是否开启外部中断进行频率计数
 277   2              if (collect_flag && current_channel == 1) {
 278   3                  EX0 = 1; // 启动采集且在频率通道时，使能外部中断
 279   3              } else {
 280   3                  EX0 = 0; // 其他所有情况（停止或在温湿度通道），都关闭外部中断
 281   3              }
 282   2      
 283   2              if(collect_flag) {
 284   3                  if(current_channel == 1) { // 555频率测量 (硬件中断计数法)
 285   4                      // 轮询代码已删除，计数在后台由INT0_ISR自动完成
 286   4                      if(freq_sample_flag) {
 287   5                         
 288   5                          freq_sample_flag = 0; // 清除标志，为下个周期做准备
 289   5      
 290   5                          EA = 0; // 关总中断，保证原子操作
 291   5                          freq_value = freq_count; // 1s内的计数值就是频率
 292   5                          freq_count = 0;          // 将脉冲计数器清零，开始新的计数周期
 293   5                          EA = 1; // 开总中断
 294   5      
 295   5                          LCD_ShowString(0,0,"FREQ:       Hz");
 296   5                          LCD_ShowNum(0,6,freq_value,5);
 297   5                          sprintf(buf, "FREQ:%u\r\n", freq_value);
 298   5                          UART_SendStr(buf);
 299   5                      }
 300   4                  } else if(current_channel == 0) { // DHT11温湿度
 301   4                      // freq_count = 0; // 确保在DHT11模式下，频率计数器是清零的
 302   4                      if (freq_sample_flag) { // 复用1秒的定时器门控
C51 COMPILER V9.59.0.0   MAIN                                                              07/11/2025 15:53:53 PAGE 6   

 303   5                          
 304   5                          freq_sample_flag = 0;
 305   5                          
 306   5                          EA = 0; // 关闭总中断
 307   5                          if(DHT11_Read(&temp, &humi) == 0) {
 308   6                              EA = 1; // 恢复总中断
 309   6                              LCD_ShowString(0,0,"Temp:    C");
 310   6                              LCD_ShowString(1,0,"Humi:    %");
 311   6                              LCD_ShowNum(0,6,temp,2);
 312   6                              LCD_ShowNum(1,6,humi,2);
 313   6                              sprintf(buf, "T:%u H:%u\r\n", (unsigned int)temp, (unsigned int)humi);
 314   6                              UART_SendStr(buf);
 315   6                          } else {
 316   6                              EA = 1; // 恢复总中断
 317   6                              UART_SendStr("[DEBUG] DHT11 FAIL\r\n");
 318   6                              LCD_ShowString(0,0,"Temp:    C");
 319   6                              LCD_ShowString(1,0,"Humi:    %");
 320   6                              LCD_ShowNum(0,6,99,2);
 321   6                              LCD_ShowNum(1,6,99,2);
 322   6                              UART_SendStr("DHT11 FAIL\r\n");
 323   6                          }
 324   5                      }
 325   4                  }
 326   3              } else {
 327   3                  freq_count = 0; // 停止采集时，也清零频率计数器
 328   3                  LCD_ShowString(0,0,"WAIT CMD      ");
 329   3                  LCD_ShowString(1,0,"              ");
 330   3                  Delay1000ms();
 331   3              }
 332   2          }
 333   1      } 


MODULE INFORMATION:   STATIC OVERLAYABLE
   CODE SIZE        =   1440    ----
   CONSTANT SIZE    =    466    ----
   XDATA SIZE       =     12      44
   PDATA SIZE       =   ----    ----
   DATA SIZE        =      8      22
   IDATA SIZE       =   ----    ----
   BIT SIZE         =      4    ----
END OF MODULE INFORMATION.


C51 COMPILATION COMPLETE.  0 WARNING(S),  0 ERROR(S)
