C51 COMPILER V9.60.7.0   PCF8591                                                           07/10/2025 19:23:42 PAGE 1   


C51 COMPILER V9.60.7.0, COMPILATION OF MODULE PCF8591
OBJECT MODULE PLACED IN .\Objects\pcf8591.obj
COMPILER INVOKED BY: E:\Keil_V5\C51\BIN\C51.EXE test\test\pcf8591.c OPTIMIZE(8,SPEED) BROWSE DEBUG OBJECTEXTEND PRINT(.\
                    -Listings\pcf8591.lst) TABS(2) OBJECT(.\Objects\pcf8591.obj)

line level    source

   1          #include "pcf8591.h"
   2          u8 PCF8591_GetADC_CHx(u8 ch) {
   3   1          u8 dat;
   4   1          IIC_SendStart();
   5   1          IIC_SendOneByte(PCF8591_WRITE_ADDR);
   6   1          IIC_GetAck();
   7   1          IIC_SendOneByte(ch);
   8   1          IIC_GetAck();
   9   1          IIC_SendStart();
  10   1          IIC_SendOneByte(PCF8591_READ_ADDR);
  11   1          IIC_GetAck();
  12   1          dat=IIC_RecvOneByte();
  13   1          IIC_SendAck(1);
  14   1          IIC_SendStop();
  15   1          return dat;
  16   1      }
  17          void PCF8591_SetDAC_Data(u8 val) {
  18   1          IIC_SendStart();
  19   1          IIC_SendOneByte(PCF8591_WRITE_ADDR);
  20   1          IIC_GetAck();
  21   1          IIC_SendOneByte(0x40);
  22   1          IIC_GetAck();
  23   1          IIC_SendOneByte(val);
  24   1          IIC_GetAck();
  25   1          IIC_SendStop();
  26   1      } 


MODULE INFORMATION:   STATIC OVERLAYABLE
   CODE SIZE        =     80    ----
   CONSTANT SIZE    =   ----    ----
   XDATA SIZE       =   ----    ----
   PDATA SIZE       =   ----    ----
   DATA SIZE        =   ----       3
   IDATA SIZE       =   ----    ----
   BIT SIZE         =   ----    ----
END OF MODULE INFORMATION.


C51 COMPILATION COMPLETE.  0 WARNING(S),  0 ERROR(S)
